// Jest Snapshot v1, https://goo.gl/fbAQLP

exports[`MealImageModal renders connected component correctly 1`] = `
<Provider
  store={
    Object {
      "clearActions": [Function],
      "dispatch": [Function],
      "getActions": [Function],
      "getState": [Function],
      "replaceReducer": [Function],
      "subscribe": [Function],
    }
  }
>
  <Connect(MealImageModal)
    editMeal={[MockFunction]}
    formerImgURL="image.jpg"
    mealId="1234"
    updating={false}
  >
    <MealImageModal
      editMeal={[Function]}
      formerImgURL="https://images.pexels.com/photos/461198/pexels-photo-461198.jpeg?auto=compress&cs=tinysrgb&h=350"
      mealId="36d525d1-efc9-4b75-9999-3e3d8dc64ce3"
      updating={false}
    >
      <Connect(RenderFileInput)
        formerImgURL="https://images.pexels.com/photos/461198/pexels-photo-461198.jpeg?auto=compress&cs=tinysrgb&h=350"
        id="imageURL"
        label="Meal Image"
        mealId="36d525d1-efc9-4b75-9999-3e3d8dc64ce3"
        name="imageURL"
        successCallBack={[Function]}
        updating={false}
      >
        <RenderFileInput
          clearUploadError={[Function]}
          formerImgURL="https://images.pexels.com/photos/461198/pexels-photo-461198.jpeg?auto=compress&cs=tinysrgb&h=350"
          id="imageURL"
          label="Meal Image"
          mealId="36d525d1-efc9-4b75-9999-3e3d8dc64ce3"
          name="imageURL"
          successCallBack={[Function]}
          updating={false}
          uploadError={null}
          uploadImage={[Function]}
          uploading={false}
        >
          <div
            className="form-input form-img-input"
          >
            <label
              htmlFor="imageURL"
            >
              Meal Image
            </label>
            <div
              id="form-image-preview"
            >
              <img
                alt="meal"
                id="meal-form-image"
                src="https://images.pexels.com/photos/461198/pexels-photo-461198.jpeg?auto=compress&cs=tinysrgb&h=350"
              />
            </div>
            <input
              accept="image/*"
              id="imageURL"
              name="imageURL"
              onChange={[Function]}
              type="file"
            />
          </div>
        </RenderFileInput>
      </Connect(RenderFileInput)>
    </MealImageModal>
  </Connect(MealImageModal)>
</Provider>
`;

exports[`MealImageModal renders correctly 1`] = `
<Connect(RenderFileInput)
  formerImgURL="image.jpg"
  id="imageURL"
  label="Meal Image"
  mealId="1234"
  name="imageURL"
  successCallBack={[Function]}
  updating={false}
/>
`;
