// Jest Snapshot v1, https://goo.gl/fbAQLP

exports[`Preloader should render MiniPreloader component correctly 1`] = `
<div>
  <div
    aria-busy="true"
    aria-label="three-dots-loading"
    class="sc-beySPh gZmPOF mini-loader"
    data-testid="three-dots-loading"
    role="progressbar"
  >
    <svg
      data-testid="three-dots-svg"
      fill="#4fa94d"
      height="80"
      viewBox="0 0 120 30"
      width="80"
      xmlns="http://www.w3.org/2000/svg"
    >
      <circle
        cx="15"
        cy="15"
        r="15"
      >
        <animate
          attributeName="r"
          begin="0s"
          calcMode="linear"
          dur="0.8s"
          from="15"
          repeatCount="indefinite"
          to="15"
          values="15;9;15"
        />
        <animate
          attributeName="fill-opacity"
          begin="0s"
          calcMode="linear"
          dur="0.8s"
          from="1"
          repeatCount="indefinite"
          to="1"
          values="1;.5;1"
        />
      </circle>
      <circle
        attributeName="fill-opacity"
        cx="60"
        cy="15"
        from="1"
        r="9"
        to="0.3"
      >
        <animate
          attributeName="r"
          begin="0s"
          calcMode="linear"
          dur="0.8s"
          from="9"
          repeatCount="indefinite"
          to="9"
          values="9;15;9"
        />
        <animate
          attributeName="fill-opacity"
          begin="0s"
          calcMode="linear"
          dur="0.8s"
          from="0.5"
          repeatCount="indefinite"
          to="0.5"
          values=".5;1;.5"
        />
      </circle>
      <circle
        cx="105"
        cy="15"
        r="15"
      >
        <animate
          attributeName="r"
          begin="0s"
          calcMode="linear"
          dur="0.8s"
          from="15"
          repeatCount="indefinite"
          to="15"
          values="15;9;15"
        />
        <animate
          attributeName="fill-opacity"
          begin="0s"
          calcMode="linear"
          dur="0.8s"
          from="1"
          repeatCount="indefinite"
          to="1"
          values="1;.5;1"
        />
      </circle>
    </svg>
  </div>
</div>
`;

exports[`Preloader should render Preloader component correctly 1`] = `
<div>
  <div
    class="main-preloader"
  >
    <div
      aria-busy="true"
      aria-label="revolving-dot-loading"
      class="sc-beySPh gZmPOF loader"
      data-testid="revolving-dot-loading"
      role="progressbar"
    >
      <svg
        data-testid="revolving-dot-svg"
        height="calc(45 * 2.5)"
        version="1.1"
        width="calc(45 * 2.5)"
        x="0px"
        xmlns="http://www.w3.org/2000/svg"
        y="0px"
      >
        <circle
          cx="calc(45 * 1.28)"
          cy="calc(45 * 1.28)"
          fill="none"
          r="45"
          stroke="#4fa94d"
          stroke-width="5"
          style="opacity: 0.5;"
        />
        <circle
          cx="calc(45 * 1.28)"
          cy="calc(45 / 3.5)"
          fill="#4fa94d"
          r="calc(45 / 5)"
          stroke="#4fa94d"
          stroke-width="3"
          style="transform-origin: 50% 50%;"
        >
          <animatetransform
            attributeName="transform"
            dur="2s"
            from="0"
            repeatCount="indefinite"
            to="360"
            type="rotate"
          />
        </circle>
      </svg>
    </div>
  </div>
</div>
`;
