// Jest Snapshot v1, https://goo.gl/fbAQLP

exports[`Welcome renders correctly 1`] = `
<React.Fragment>
  <Header
    type="home"
  />
  <div
    className="main-wrapper home"
  >
    <div
      className="landing"
    >
      <h1>
        Delicious Meals At Your Fingertips
      </h1>
      <a
        href="/signin"
      >
        <button
          className="btn btn-pri"
        >
          I'M HUNGRY
        </button>
      </a>
    </div>
  </div>
  <Footer />
</React.Fragment>
`;
