// Jest Snapshot v1, https://goo.gl/fbAQLP

exports[`CatererHeader renders correctly 1`] = `
<React.Fragment>
  <div
    className="menu-control d-none-md"
  >
    <a
      className="d-none-md"
      href="#sidenav"
    >
      <img
        alt="toggler"
        src="./img/toggler.png"
      />
    </a>
  </div>
  <div
    className="page-title d-flex-md"
  >
    <div
      className="date"
    >
      <h2>
        Thursday, 1st January 1970
            
        00:00
      </h2>
    </div>
  </div>
</React.Fragment>
`;
